Microchip MPLAB XC8 Compiler V1.43 ()

Linker command line:

-W-3 --edf=/Applications/microchip/xc8/v1.43/dat/en_msgs.txt -cs \
  -h+dist/default/debug/WorkClock2-0.X.debug.sym \
  --cmf=dist/default/debug/WorkClock2-0.X.debug.cmf -z -Q18F27K40 \
  -o/tmp/xcrM7Dq2C -Mdist/default/debug/WorkClock2-0.X.debug.map -E1 \
  -ver=XC8 -ASTACK=0B06h-0e87h -pstack=STACK -ACODE=00h-01FFFFh \
  -ACONST=00h-01FFFFh -ASMALLCONST=0F00h-0FFFhx497 \
  -AMEDIUMCONST=0F00h-0FFFFh,010F00h-01FFFFh -ACOMRAM=01h-05Fh \
  -AABS1=00h-0E87h -ABIGRAM=01h-0E87h \
  -ARAM=060h-0FFh,0100h-01FFhx13,0E00h-0E87h -ABANK0=060h-0FFh \
  -ABANK1=0100h-01FFh -ABANK2=0200h-02FFh -ABANK3=0300h-03FFh \
  -ABANK4=0400h-04FFh -ABANK5=0500h-05FFh -ABANK6=0600h-06FFh \
  -ABANK7=0700h-07FFh -ABANK8=0800h-08FFh -ABANK9=0900h-09FFh \
  -ABANK10=0A00h-0AFFh -ABANK11=0B00h-0BFFh -ABANK12=0C00h-0CFFh \
  -ABANK13=0D00h-0DFFh -ABANK14=0E00h-0E87h \
  -ASFR=0E8Dh-0EFFh,0F00h-0F5Fh,0F60h-0FFFh \
  -preset_vec=00h,intcode=08h,intcodelo=018h,powerup,init -pramtop=0F00h \
  -psmallconst=SMALLCONST -pmediumconst=MEDIUMCONST -pconst=CONST \
  -AFARRAM=00h-00h -ACONFIG=0300000h-030000Bh -pconfig=CONFIG \
  -AIDLOC=0200000h-020000Fh -pidloc=IDLOC -AEEDATA=0310000h-03103FFh \
  -peeprom_data=EEDATA \
  -prdata=COMRAM,nvrram=COMRAM,nvbit=COMRAM,rbss=COMRAM,rbit=COMRAM \
  -pfarbss=FARRAM,fardata=FARRAM,nvFARRAM=FARRAM \
  -pintsave_regs=BIGRAM,bigbss=BIGRAM,bigdata=BIGRAM -pbss=RAM \
  -pidata=CODE,irdata=CODE,ibigdata=CODE,ifardata=CODE -prparam=COMRAM \
  /tmp/xcYaC1ae1.obj dist/default/debug/WorkClock2-0.X.debug.obj 

Object code version is 3.11

Machine type is 18F27K40

Call graph: (short form)




                Name                               Link     Load   Length Selector   Space Scale
/tmp/xcYaC1ae1.obj
                init                                 FA       FA        4        C       0
                reset_vec                             0        0        6        0       0
                idloc                            200000   200000       10   200000       0
                config                           300000   300000        C   300000       0
dist/default/debug/WorkClock2-0.X.debug.obj
                intcodelo                            18       18       E2        C       0
                intcode                               8        8        6        4       0
                temp                                 43       43        1        1       1
                smallconst                          F00      F00        6      780       0
                text98                             4C4A     4C4A        4      783       0
                text97                             3C86     3C86       72      783       0
                text96                             4BD4     4BD4       18      783       0
                text95                             48C6     48C6       48      783       0
                text94                             441A     441A       52      783       0
                text93                             4B76     4B76       26      783       0
                text92                             2330     2330      160      783       0
                intcode_body                       32C6     32C6       B4      783       0
                text90                             2E9E     2E9E       E4      783       0
                text89                             446C     446C       50      783       0
                text88                             4C00     4C00       12      783       0
                text87                             49D2     49D2       38      783       0
                text86                             4C3E     4C3E        8      783       0
                text85                             4C36     4C36        8      783       0
                text84                             4C1C     4C1C        A      783       0
                text83                             29A6     29A6      12E      783       0
                text82                             21C4     21C4      16C      783       0
                text81                             487E     487E       48      783       0
                text80                             4A0A     4A0A       34      783       0
                text79                             4B50     4B50       26      783       0
                text78                             2F82     2F82       E0      783       0
                text77                             4ACE     4ACE       2E      783       0
                text76                             4952     4952       44      783       0
                text75                             272E     272E      146      783       0
                text74                             3988     3988       8E      783       0
                text73                             43C8     43C8       52      783       0
                text72                             2BDA     2BDA       EE      783       0
                text71                             38F6     38F6       92      783       0
                text70                             1B38     1B38      370      783       0
                text69                             3578     3578       A2      783       0
                text68                             42B6     42B6       60      783       0
                text67                             4370     4370       58      783       0
                text66                             3A16     3A16       80      783       0
                text65                             3062     3062       DC      783       0
                text64                             4AA0     4AA0       2E      783       0
                text63                             4834     4834       4A      783       0
                text62                             47EA     47EA       4A      783       0
                text61                             3B14     3B14       7E      783       0
                text60                             47A0     47A0       4A      783       0
                text59                             3204     3204       C2      783       0
                text58                             4254     4254       62      783       0
                text57                             41F2     41F2       62      783       0
                text56                             4756     4756       4A      783       0
                text55                             470C     470C       4A      783       0
                text54                             46C2     46C2       4A      783       0
                text53                             4678     4678       4A      783       0
                text52                             4A3E     4A3E       32      783       0
                text51                             4316     4316       5A      783       0
                text50                             2490     2490      156      783       0
                text49                             4190     4190       62      783       0
                text48                             313E     313E       C6      783       0
                text47                             3C0C     3C0C       7A      783       0
                text46                             2DB4     2DB4       EA      783       0
                text45                             3864     3864       92      783       0
                text44                             37D2     37D2       92      783       0
                text43                             412E     412E       62      783       0
                text42                             40CC     40CC       62      783       0
                text41                             3B92     3B92       7A      783       0
                text40                             462E     462E       4A      783       0
                text39                             45E4     45E4       4A      783       0
                text38                             459A     459A       4A      783       0
                text37                             406A     406A       62      783       0
                text36                             4008     4008       62      783       0
                text35                             3FA6     3FA6       62      783       0
                text34                             3F44     3F44       62      783       0
                text33                             34D6     34D6       A2      783       0
                text32                             3740     3740       92      783       0
                text31                             36AE     36AE       92      783       0
                text30                             3EE2     3EE2       62      783       0
                text29                             3E80     3E80       62      783       0
                text28                             342C     342C       AA      783       0
                text27                             4550     4550       4A      783       0
                text26                             3E1E     3E1E       62      783       0
                text25                             2874     2874      132      783       0
                text24                             3DBC     3DBC       62      783       0
                text23                             3D5A     3D5A       62      783       0
                text22                             3CF8     3CF8       62      783       0
                text21                             4506     4506       4A      783       0
                text20                             44BC     44BC       4A      783       0
                text19                             16FE     16FE      43A      783       0
                text18                             4BBC     4BBC       18      783       0
                text17                             4B28     4B28       28      783       0
                text15                             4BEC     4BEC       14      783       0
                text14                             4996     4996       3C      783       0
                text13                             4C2E     4C2E        8      783       0
                text12                             4C26     4C26        8      783       0
                text11                             4C12     4C12        A      783       0
                text10                             25E6     25E6      148      783       0
                text9                              4AFC     4AFC       2C      783       0
                text8                              4B9C     4B9C       20      783       0
                text7                              361A     361A       94      783       0
                text6                              2CC8     2CC8       EC      783       0
                text5                              2AD4     2AD4      106      783       0
                text4                              4A70     4A70       30      783       0
                text3                              490E     490E       44      783       0
                text2                              1EA8     1EA8      31C      783       0
                text1                              3A96     3A96       7E      783       0
                text0                               F06      F06      7F8      783       0
                cstackCOMRAM                          1        1       26        1       1
                cstackBANK0                          60       60       49       60       1
                cstackBANK1                         100      100       37      100       1
                cstackBANK8                         800      800       C6      800       1
                bssBIGRAM                           8C6      8C6      240      8C6       1
                bssBANK7                            700      700       C8      700       1
                bssBANK6                            600      600       C8      600       1
                bssBANK5                            500      500       C8      500       1
                bssBANK4                            400      400       C8      400       1
                bssBANK3                            300      300      100      300       1
                bssBANK2                            200      200       F7      200       1
                bssBANK1                            137      137       32      100       1
                dataBANK0                            D8       D8        4       60       1
                bssBANK0                             A9       A9       2B       60       1
                bssCOMRAM                            27       27       1C        1       1
                cinit                              337A     337A       B2      783       0
                nvBANK0                              D4       D4        4       60       1
                idataBANK0                         4C46     4C46        4      783       0

TOTAL           Name                               Link     Load   Length     Space
        CLASS   STACK          

        CLASS   CODE           
                intcodelo                            18       18       E2         0
                intcode                               8        8        6         0
                init                                 FA       FA        4         0
                reset_vec                             0        0        6         0
                text98                             4C4A     4C4A        4         0
                text97                             3C86     3C86       72         0
                text96                             4BD4     4BD4       18         0
                text95                             48C6     48C6       48         0
                text94                             441A     441A       52         0
                text93                             4B76     4B76       26         0
                text92                             2330     2330      160         0
                intcode_body                       32C6     32C6       B4         0
                text90                             2E9E     2E9E       E4         0
                text89                             446C     446C       50         0
                text88                             4C00     4C00       12         0
                text87                             49D2     49D2       38         0
                text86                             4C3E     4C3E        8         0
                text85                             4C36     4C36        8         0
                text84                             4C1C     4C1C        A         0
                text83                             29A6     29A6      12E         0
                text82                             21C4     21C4      16C         0
                text81                             487E     487E       48         0
                text80                             4A0A     4A0A       34         0
                text79                             4B50     4B50       26         0
                text78                             2F82     2F82       E0         0
                text77                             4ACE     4ACE       2E         0
                text76                             4952     4952       44         0
                text75                             272E     272E      146         0
                text74                             3988     3988       8E         0
                text73                             43C8     43C8       52         0
                text72                             2BDA     2BDA       EE         0
                text71                             38F6     38F6       92         0
                text70                             1B38     1B38      370         0
                text69                             3578     3578       A2         0
                text68                             42B6     42B6       60         0
                text67                             4370     4370       58         0
                text66                             3A16     3A16       80         0
                text65                             3062     3062       DC         0
                text64                             4AA0     4AA0       2E         0
                text63                             4834     4834       4A         0
                text62                             47EA     47EA       4A         0
                text61                             3B14     3B14       7E         0
                text60                             47A0     47A0       4A         0
                text59                             3204     3204       C2         0
                text58                             4254     4254       62         0
                text57                             41F2     41F2       62         0
                text56                             4756     4756       4A         0
                text55                             470C     470C       4A         0
                text54                             46C2     46C2       4A         0
                text53                             4678     4678       4A         0
                text52                             4A3E     4A3E       32         0
                text51                             4316     4316       5A         0
                text50                             2490     2490      156         0
                text49                             4190     4190       62         0
                text48                             313E     313E       C6         0
                text47                             3C0C     3C0C       7A         0
                text46                             2DB4     2DB4       EA         0
                text45                             3864     3864       92         0
                text44                             37D2     37D2       92         0
                text43                             412E     412E       62         0
                text42                             40CC     40CC       62         0
                text41                             3B92     3B92       7A         0
                text40                             462E     462E       4A         0
                text39                             45E4     45E4       4A         0
                text38                             459A     459A       4A         0
                text37                             406A     406A       62         0
                text36                             4008     4008       62         0
                text35                             3FA6     3FA6       62         0
                text34                             3F44     3F44       62         0
                text33                             34D6     34D6       A2         0
                text32                             3740     3740       92         0
                text31                             36AE     36AE       92         0
                text30                             3EE2     3EE2       62         0
                text29                             3E80     3E80       62         0
                text28                             342C     342C       AA         0
                text27                             4550     4550       4A         0
                text26                             3E1E     3E1E       62         0
                text25                             2874     2874      132         0
                text24                             3DBC     3DBC       62         0
                text23                             3D5A     3D5A       62         0
                text22                             3CF8     3CF8       62         0
                text21                             4506     4506       4A         0
                text20                             44BC     44BC       4A         0
                text19                             16FE     16FE      43A         0
                text18                             4BBC     4BBC       18         0
                text17                             4B28     4B28       28         0
                text15                             4BEC     4BEC       14         0
                text14                             4996     4996       3C         0
                text13                             4C2E     4C2E        8         0
                text12                             4C26     4C26        8         0
                text11                             4C12     4C12        A         0
                text10                             25E6     25E6      148         0
                text9                              4AFC     4AFC       2C         0
                text8                              4B9C     4B9C       20         0
                text7                              361A     361A       94         0
                text6                              2CC8     2CC8       EC         0
                text5                              2AD4     2AD4      106         0
                text4                              4A70     4A70       30         0
                text3                              490E     490E       44         0
                text2                              1EA8     1EA8      31C         0
                text1                              3A96     3A96       7E         0
                text0                               F06      F06      7F8         0
                cinit                              337A     337A       B2         0
                idataBANK0                         4C46     4C46        4         0

        CLASS   CONST          

        CLASS   SMALLCONST     
                smallconst                          F00      F00        6         0

        CLASS   MEDIUMCONST    

        CLASS   COMRAM         
                temp                                 43       43        1         1
                cstackCOMRAM                          1        1       26         1
                bssCOMRAM                            27       27       1C         1

        CLASS   ABS1           

        CLASS   BIGRAM         
                bssBIGRAM                           8C6      8C6      240         1

        CLASS   RAM            

        CLASS   BANK0          
                cstackBANK0                          60       60       49         1
                dataBANK0                            D8       D8        4         1
                bssBANK0                             A9       A9       2B         1
                nvBANK0                              D4       D4        4         1

        CLASS   BANK1          
                cstackBANK1                         100      100       37         1
                bssBANK1                            137      137       32         1

        CLASS   BANK2          
                bssBANK2                            200      200       F7         1

        CLASS   BANK3          
                bssBANK3                            300      300      100         1

        CLASS   BANK4          
                bssBANK4                            400      400       C8         1

        CLASS   BANK5          
                bssBANK5                            500      500       C8         1

        CLASS   BANK6          
                bssBANK6                            600      600       C8         1

        CLASS   BANK7          
                bssBANK7                            700      700       C8         1

        CLASS   BANK8          
                cstackBANK8                         800      800       C6         1

        CLASS   BANK9          

        CLASS   BANK10         

        CLASS   BANK11         

        CLASS   BANK12         

        CLASS   BANK13         

        CLASS   BANK14         

        CLASS   SFR            

        CLASS   FARRAM         

        CLASS   CONFIG         
                config                           300000   300000        C         0

        CLASS   IDLOC          
                idloc                            200000   200000       10         0

        CLASS   EEDATA         



SEGMENTS        Name                           Load    Length   Top    Selector   Space  Class

                reset_vec                      000000  000006  000006         0       0  CODE    
                cstackCOMRAM                   000001  000043  000044         1       1  COMRAM  
                intcode                        000008  000006  00000E         4       0  CODE    
                intcodelo                      000018  0000E6  0000FE         C       0  CODE    
                cstackBANK0                    000060  00007C  0000DC        60       1  BANK0   
                cstackBANK1                    000100  000069  000169       100       1  BANK1   
                bssBANK2                       000200  0000F7  0002F7       200       1  BANK2   
                bssBANK3                       000300  000100  000400       300       1  BANK3   
                bssBANK4                       000400  0000C8  0004C8       400       1  BANK4   
                bssBANK5                       000500  0000C8  0005C8       500       1  BANK5   
                bssBANK6                       000600  0000C8  0006C8       600       1  BANK6   
                bssBANK7                       000700  0000C8  0007C8       700       1  BANK7   
                cstackBANK8                    000800  0000C6  0008C6       800       1  BANK8   
                bssBIGRAM                      0008C6  000240  000B06       8C6       1  BIGRAM  
                smallconst                     000F00  000006  000F06       780       0  SMALLCON
                text0                          000F06  003D48  004C4E       783       0  CODE    
                idloc                          200000  000010  200010    200000       0  IDLOC   
                config                         300000  00000C  30000C    300000       0  CONFIG  


UNUSED ADDRESS RANGES

        Name                Unused          Largest block    Delta
        BANK0            0000DC-0000FF               24
        BANK1            000169-0001FF               97
        BANK11           000B06-000BFF               FA
        BANK12           000C00-000CFF              100
        BANK13           000D00-000DFF              100
        BANK14           000E00-000E87               88
        BANK2            0002F7-0002FF                9
        BANK4            0004C8-0004FF               38
        BANK5            0005C8-0005FF               38
        BANK6            0006C8-0006FF               38
        BANK7            0007C8-0007FF               38
        BIGRAM           000044-00005F               1C
                         0000DC-0000FF               24
                         000169-0001FF               97
                         0002F7-0002FF                9
                         0004C8-0004FF               38
                         0005C8-0005FF               38
                         0006C8-0006FF               38
                         0007C8-0007FF               38
                         000B06-000E87              382
        CODE             000006-000007                2
                         00000E-000017                A
                         0000FE-000EFF              E02
                         004C4E-01FFFF            1B3B2
        COMRAM           000044-00005F               1C
        CONST            000006-000007                2
                         00000E-000017                A
                         0000FE-000EFF              E02
                         004C4E-01FFFF            1B3B2
        EEDATA           310000-3103FF              400
        MEDIUMCONST      004C4E-00FFFF             B3B2
                         010F00-01FFFF             F100
        RAM              0000DC-0000FF               24
                         000169-0001FF               97
                         0002F7-0002FF                9
                         0004C8-0004FF               38
                         0005C8-0005FF               38
                         0006C8-0006FF               38
                         0007C8-0007FF               38
                         000B06-000E87              100
        SFR              000E8D-000FFF               73
        SMALLCONST       004C4E-01FFFF              100
        STACK            000B06-000E87              382

                                  Symbol Table

?_I2C_Master_Read               cstackBANK1  000101
?___awmod                       cstackBANK0  000064
?___lmul                        cstackCOMRAM 00001D
?___lwdiv                       cstackCOMRAM 00001D
?___wmul                        cstackCOMRAM 00001D
?_bt_msg_received               cstackCOMRAM 000001
?_get_time                      cstackBANK0  000068
?_i2c_read                      cstackBANK1  000105
?_i2c_write                     cstackBANK1  000106
?_i2c_write_single              cstackBANK1  00010F
?_rand                          cstackCOMRAM 000025
?_set_page                      cstackBANK1  000112
?_time_needs_to_be_set          cstackCOMRAM 00001D
?i1_I2C_Master_Read             cstackCOMRAM 00001E
?i1_i2c_read                    cstackCOMRAM 000022
?i1_i2c_write                   cstackBANK0  000060
?i1_i2c_write_single            cstackBANK0  000066
?i1_set_page                    cstackBANK0  000068
?i2___wmul                      cstackCOMRAM 000001
I2C_Master_Read@final_read      cstackBANK1  000101
I2C_Master_Read@temp            cstackBANK1  000103
I2C_Master_Write@d              cstackBANK1  000101
_ADACT                          (abs)        000F56
_ADCLKbits                      (abs)        000F57
_ADCON0bits                     (abs)        000F60
_ADC_SAM_FREQ                   bssBANK0     0000D1
_ADC_TIM_VAL                    bssBANK0     0000C3
_ADPCH                          (abs)        000F5F
_ADREFbits                      (abs)        000F58
_ADRESH                         (abs)        000F64
_ADRESL                         (abs)        000F63
_ANSELAbits                     (abs)        000F11
_ANSELBbits                     (abs)        000F19
_ANSELCbits                     (abs)        000F21
_BTBLINK                        smallconst   000F01
_BTCNTMAX                       smallconst   000F03
_I2C_Master_Read                text14       004996
_I2C_Master_Start               text13       004C2E
_I2C_Master_Stop                text12       004C26
_I2C_Master_Wait                text15       004BEC
_I2C_Master_Write               text11       004C12
_INTCONbits                     (abs)        000FF2
_IOCAFbits                      (abs)        000F0A
_IOCANbits                      (abs)        000F0B
_IOCAPbits                      (abs)        000F0C
_IOCCFbits                      (abs)        000F1A
_IOCCNbits                      (abs)        000F1B
_IOCCPbits                      (abs)        000F1C
_IPR0bits                       (abs)        000EBA
_LED_TIM_VAL                    nvBANK0      0000D6
_PCON0                          (abs)        000FD7
_PIE0bits                       (abs)        000EC2
_PIE3bits                       (abs)        000EC5
_PIR0bits                       (abs)        000ECA
_PIR1bits                       (abs)        000ECB
_PIR3bits                       (abs)        000ECD
_PIR4bits                       (abs)        000ECE
_PORTAbits                      (abs)        000F8D
_PORTCbits                      (abs)        000F8F
_RB5PPS                         (abs)        000EF4
_RB7PPS                         (abs)        000EF6
_RC1REG                         (abs)        000F99
_RC1STAbits                     (abs)        000F9D
_RC2REG                         (abs)        000E99
_RC2STAbits                     (abs)        000E9D
_RC3PPS                         (abs)        000EFA
_RC4PPS                         (abs)        000EFB
_RC6PPS                         (abs)        000EFD
_RC7PPS                         (abs)        000EFE
_SSP1ADD                        (abs)        000F93
_SSP1BUF                        (abs)        000F92
_SSP1CLKPPS                     (abs)        000EB7
_SSP1CON1                       (abs)        000F96
_SSP1CON1bits                   (abs)        000F96
_SSP1CON2                       (abs)        000F97
_SSP1CON2bits                   (abs)        000F97
_SSP1DATPPS                     (abs)        000EB8
_SSP1STAT                       (abs)        000F95
_SSP1STATbits                   (abs)        000F95
_T0CON0bits                     (abs)        000FD5
_T0CON1bits                     (abs)        000FD6
_T1CONbits                      (abs)        000FCF
_TMR0H                          (abs)        000FD4
_TMR0L                          (abs)        000FD3
_TMR1                           (abs)        000FCD
_TMR1CLK                        (abs)        000FD2
_TRISAbits                      (abs)        000F88
_TRISBbits                      (abs)        000F89
_TRISCbits                      (abs)        000F8A
_TX1REG                         (abs)        000F9A
_TX1STAbits                     (abs)        000F9E
_TX2REG                         (abs)        000E9A
_TX2STAbits                     (abs)        000E9E
__CFG_BOREN$SBORDIS             (abs)        000000
__CFG_BORV$VBOR_2P45            (abs)        000000
__CFG_CLKOUTEN$OFF              (abs)        000000
__CFG_CP$OFF                    (abs)        000000
__CFG_CPD$OFF                   (abs)        000000
__CFG_CSWEN$OFF                 (abs)        000000
__CFG_DEBUG$OFF                 (abs)        000000
__CFG_EBTR0$OFF                 (abs)        000000
__CFG_EBTR1$OFF                 (abs)        000000
__CFG_EBTR2$OFF                 (abs)        000000
__CFG_EBTR3$OFF                 (abs)        000000
__CFG_EBTR4$OFF                 (abs)        000000
__CFG_EBTR5$OFF                 (abs)        000000
__CFG_EBTR6$OFF                 (abs)        000000
__CFG_EBTR7$OFF                 (abs)        000000
__CFG_EBTRB$OFF                 (abs)        000000
__CFG_FCMEN$OFF                 (abs)        000000
__CFG_FEXTOSC$OFF               (abs)        000000
__CFG_LPBOREN$OFF               (abs)        000000
__CFG_LVP$OFF                   (abs)        000000
__CFG_MCLRE$EXTMCLR             (abs)        000000
__CFG_PPS1WAY$ON                (abs)        000000
__CFG_PWRTE$OFF                 (abs)        000000
__CFG_RSTOSC$HFINTOSC_64MHZ     (abs)        000000
__CFG_SCANE$ON                  (abs)        000000
__CFG_STVREN$ON                 (abs)        000000
__CFG_WDTCCS$SC                 (abs)        000000
__CFG_WDTCPS$WDTCPS_31          (abs)        000000
__CFG_WDTCWS$WDTCWS_7           (abs)        000000
__CFG_WDTE$OFF                  (abs)        000000
__CFG_WRT0$OFF                  (abs)        000000
__CFG_WRT1$OFF                  (abs)        000000
__CFG_WRT2$OFF                  (abs)        000000
__CFG_WRT3$OFF                  (abs)        000000
__CFG_WRT4$OFF                  (abs)        000000
__CFG_WRT5$OFF                  (abs)        000000
__CFG_WRT6$OFF                  (abs)        000000
__CFG_WRT7$OFF                  (abs)        000000
__CFG_WRTB$OFF                  (abs)        000000
__CFG_WRTC$OFF                  (abs)        000000
__CFG_WRTD$OFF                  (abs)        000000
__CFG_XINST$OFF                 (abs)        000000
__CFG_ZCD$OFF                   (abs)        000000
__HRAM                          (abs)        000000
__Habs1                         abs1         000000
__Hbank0                        bank0        000000
__Hbank1                        bank1        000000
__Hbank10                       bank10       000000
__Hbank11                       bank11       000000
__Hbank12                       bank12       000000
__Hbank13                       bank13       000000
__Hbank14                       bank14       000000
__Hbank2                        bank2        000000
__Hbank3                        bank3        000000
__Hbank4                        bank4        000000
__Hbank5                        bank5        000000
__Hbank6                        bank6        000000
__Hbank7                        bank7        000000
__Hbank8                        bank8        000000
__Hbank9                        bank9        000000
__Hbigbss                       bigbss       000000
__Hbigdata                      bigdata      000000
__Hbigram                       bigram       000000
__Hbss                          bss          000000
__HbssBANK0                     bssBANK0     000000
__HbssBANK1                     bssBANK1     000000
__HbssBANK2                     bssBANK2     000000
__HbssBANK3                     bssBANK3     000000
__HbssBANK4                     bssBANK4     000000
__HbssBANK5                     bssBANK5     000000
__HbssBANK6                     bssBANK6     000000
__HbssBANK7                     bssBANK7     000000
__HbssBIGRAM                    bssBIGRAM    000000
__HbssCOMRAM                    bssCOMRAM    000000
__Hcinit                        cinit        000000
__Hclrtext                      clrtext      000000
__Hcomram                       comram       000000
__Hconfig                       config       30000C
__Hconst                        const        000000
__HcstackBANK0                  cstackBANK0  000000
__HcstackBANK1                  cstackBANK1  000000
__HcstackBANK8                  cstackBANK8  000000
__HcstackCOMRAM                 cstackCOMRAM 000000
__Hdata                         data         000000
__HdataBANK0                    dataBANK0    000000
__Heeprom_data                  eeprom_data  000000
__Hfarbss                       farbss       000000
__Hfardata                      fardata      000000
__Hibigdata                     ibigdata     000000
__Hidata                        idata        000000
__HidataBANK0                   idataBANK0   000000
__Hidloc                        idloc        200010
__Hifardata                     ifardata     000000
__Hinit                         init         0000FE
__Hintcode                      intcode      00000E
__Hintcode_body                 intcode_body 000000
__Hintcodelo                    intcodelo    0000FA
__Hintentry                     intentry     000000
__Hintret                       intret       000000
__Hintsave_regs                 intsave_regs 000000
__Hirdata                       irdata       000000
__Hmediumconst                  mediumconst  000000
__HnvBANK0                      nvBANK0      000000
__HnvFARRAM                     nvFARRAM     000000
__Hnvbit                        nvbit        000000
__Hnvrram                       nvrram       000000
__Hparam                        rparam       000000
__Hpowerup                      powerup      0000FA
__Hram                          ram          000000
__Hramtop                       ramtop       000F00
__Hrbit                         rbit         000000
__Hrbss                         rbss         000000
__Hrdata                        rdata        000000
__Hreset_vec                    reset_vec    000006
__Hrparam                       rparam       000000
__Hsfr                          sfr          000000
__Hsmallconst                   smallconst   000F06
__Hspace_0                      (abs)        30000C
__Hspace_1                      (abs)        000B06
__Hspace_2                      (abs)        000000
__Hstack                        stack        000000
__Hstruct                       struct       000000
__Htemp                         temp         000044
__Htext                         text         000000
__Htext0                        text0        000000
__Htext1                        text1        000000
__Htext10                       text10       000000
__Htext11                       text11       000000
__Htext12                       text12       000000
__Htext13                       text13       000000
__Htext14                       text14       000000
__Htext15                       text15       000000
__Htext17                       text17       000000
__Htext18                       text18       000000
__Htext19                       text19       000000
__Htext2                        text2        000000
__Htext20                       text20       000000
__Htext21                       text21       000000
__Htext22                       text22       000000
__Htext23                       text23       000000
__Htext24                       text24       000000
__Htext25                       text25       000000
__Htext26                       text26       000000
__Htext27                       text27       000000
__Htext28                       text28       000000
__Htext29                       text29       000000
__Htext3                        text3        000000
__Htext30                       text30       000000
__Htext31                       text31       000000
__Htext32                       text32       000000
__Htext33                       text33       000000
__Htext34                       text34       000000
__Htext35                       text35       000000
__Htext36                       text36       000000
__Htext37                       text37       000000
__Htext38                       text38       000000
__Htext39                       text39       000000
__Htext4                        text4        000000
__Htext40                       text40       000000
__Htext41                       text41       000000
__Htext42                       text42       000000
__Htext43                       text43       000000
__Htext44                       text44       000000
__Htext45                       text45       000000
__Htext46                       text46       000000
__Htext47                       text47       000000
__Htext48                       text48       000000
__Htext49                       text49       000000
__Htext5                        text5        000000
__Htext50                       text50       000000
__Htext51                       text51       000000
__Htext52                       text52       000000
__Htext53                       text53       000000
__Htext54                       text54       000000
__Htext55                       text55       000000
__Htext56                       text56       000000
__Htext57                       text57       000000
__Htext58                       text58       000000
__Htext59                       text59       000000
__Htext6                        text6        000000
__Htext60                       text60       000000
__Htext61                       text61       000000
__Htext62                       text62       000000
__Htext63                       text63       000000
__Htext64                       text64       000000
__Htext65                       text65       000000
__Htext66                       text66       000000
__Htext67                       text67       000000
__Htext68                       text68       000000
__Htext69                       text69       000000
__Htext7                        text7        000000
__Htext70                       text70       000000
__Htext71                       text71       000000
__Htext72                       text72       000000
__Htext73                       text73       000000
__Htext74                       text74       000000
__Htext75                       text75       000000
__Htext76                       text76       000000
__Htext77                       text77       000000
__Htext78                       text78       000000
__Htext79                       text79       000000
__Htext8                        text8        000000
__Htext80                       text80       000000
__Htext81                       text81       000000
__Htext82                       text82       000000
__Htext83                       text83       000000
__Htext84                       text84       000000
__Htext85                       text85       000000
__Htext86                       text86       000000
__Htext87                       text87       000000
__Htext88                       text88       000000
__Htext89                       text89       000000
__Htext9                        text9        000000
__Htext90                       text90       000000
__Htext92                       text92       000000
__Htext93                       text93       000000
__Htext94                       text94       000000
__Htext95                       text95       000000
__Htext96                       text96       000000
__Htext97                       text97       000000
__Htext98                       text98       000000
__LRAM                          (abs)        000001
__Labs1                         abs1         000000
__Lbank0                        bank0        000000
__Lbank1                        bank1        000000
__Lbank10                       bank10       000000
__Lbank11                       bank11       000000
__Lbank12                       bank12       000000
__Lbank13                       bank13       000000
__Lbank14                       bank14       000000
__Lbank2                        bank2        000000
__Lbank3                        bank3        000000
__Lbank4                        bank4        000000
__Lbank5                        bank5        000000
__Lbank6                        bank6        000000
__Lbank7                        bank7        000000
__Lbank8                        bank8        000000
__Lbank9                        bank9        000000
__Lbigbss                       bigbss       000000
__Lbigdata                      bigdata      000000
__Lbigram                       bigram       000000
__Lbss                          bss          000000
__LbssBANK0                     bssBANK0     000000
__LbssBANK1                     bssBANK1     000000
__LbssBANK2                     bssBANK2     000000
__LbssBANK3                     bssBANK3     000000
__LbssBANK4                     bssBANK4     000000
__LbssBANK5                     bssBANK5     000000
__LbssBANK6                     bssBANK6     000000
__LbssBANK7                     bssBANK7     000000
__LbssBIGRAM                    bssBIGRAM    000000
__LbssCOMRAM                    bssCOMRAM    000000
__Lcinit                        cinit        000000
__Lclrtext                      clrtext      000000
__Lcomram                       comram       000000
__Lconfig                       config       300000
__Lconst                        const        000000
__LcstackBANK0                  cstackBANK0  000000
__LcstackBANK1                  cstackBANK1  000000
__LcstackBANK8                  cstackBANK8  000000
__LcstackCOMRAM                 cstackCOMRAM 000000
__Ldata                         data         000000
__LdataBANK0                    dataBANK0    000000
__Leeprom_data                  eeprom_data  000000
__Lfarbss                       farbss       000000
__Lfardata                      fardata      000000
__Libigdata                     ibigdata     000000
__Lidata                        idata        000000
__LidataBANK0                   idataBANK0   000000
__Lidloc                        idloc        200000
__Lifardata                     ifardata     000000
__Linit                         init         0000FA
__Lintcode                      intcode      000008
__Lintcode_body                 intcode_body 000000
__Lintcodelo                    intcodelo    000018
__Lintentry                     intentry     000000
__Lintret                       intret       000000
__Lintsave_regs                 intsave_regs 000000
__Lirdata                       irdata       000000
__Lmediumconst                  mediumconst  000000
__LnvBANK0                      nvBANK0      000000
__LnvFARRAM                     nvFARRAM     000000
__Lnvbit                        nvbit        000000
__Lnvrram                       nvrram       000000
__Lparam                        rparam       000000
__Lpowerup                      powerup      0000FA
__Lram                          ram          000000
__Lramtop                       ramtop       000F00
__Lrbit                         rbit         000000
__Lrbss                         rbss         000000
__Lrdata                        rdata        000000
__Lreset_vec                    reset_vec    000000
__Lrparam                       rparam       000000
__Lsfr                          sfr          000000
__Lsmallconst                   smallconst   000F00
__Lspace_0                      (abs)        000000
__Lspace_1                      (abs)        000000
__Lspace_2                      (abs)        000000
__Lstack                        stack        000000
__Lstruct                       struct       000000
__Ltemp                         temp         000043
__Ltext                         text         000000
__Ltext0                        text0        000000
__Ltext1                        text1        000000
__Ltext10                       text10       000000
__Ltext11                       text11       000000
__Ltext12                       text12       000000
__Ltext13                       text13       000000
__Ltext14                       text14       000000
__Ltext15                       text15       000000
__Ltext17                       text17       000000
__Ltext18                       text18       000000
__Ltext19                       text19       000000
__Ltext2                        text2        000000
__Ltext20                       text20       000000
__Ltext21                       text21       000000
__Ltext22                       text22       000000
__Ltext23                       text23       000000
__Ltext24                       text24       000000
__Ltext25                       text25       000000
__Ltext26                       text26       000000
__Ltext27                       text27       000000
__Ltext28                       text28       000000
__Ltext29                       text29       000000
__Ltext3                        text3        000000
__Ltext30                       text30       000000
__Ltext31                       text31       000000
__Ltext32                       text32       000000
__Ltext33                       text33       000000
__Ltext34                       text34       000000
__Ltext35                       text35       000000
__Ltext36                       text36       000000
__Ltext37                       text37       000000
__Ltext38                       text38       000000
__Ltext39                       text39       000000
__Ltext4                        text4        000000
__Ltext40                       text40       000000
__Ltext41                       text41       000000
__Ltext42                       text42       000000
__Ltext43                       text43       000000
__Ltext44                       text44       000000
__Ltext45                       text45       000000
__Ltext46                       text46       000000
__Ltext47                       text47       000000
__Ltext48                       text48       000000
__Ltext49                       text49       000000
__Ltext5                        text5        000000
__Ltext50                       text50       000000
__Ltext51                       text51       000000
__Ltext52                       text52       000000
__Ltext53                       text53       000000
__Ltext54                       text54       000000
__Ltext55                       text55       000000
__Ltext56                       text56       000000
__Ltext57                       text57       000000
__Ltext58                       text58       000000
__Ltext59                       text59       000000
__Ltext6                        text6        000000
__Ltext60                       text60       000000
__Ltext61                       text61       000000
__Ltext62                       text62       000000
__Ltext63                       text63       000000
__Ltext64                       text64       000000
__Ltext65                       text65       000000
__Ltext66                       text66       000000
__Ltext67                       text67       000000
__Ltext68                       text68       000000
__Ltext69                       text69       000000
__Ltext7                        text7        000000
__Ltext70                       text70       000000
__Ltext71                       text71       000000
__Ltext72                       text72       000000
__Ltext73                       text73       000000
__Ltext74                       text74       000000
__Ltext75                       text75       000000
__Ltext76                       text76       000000
__Ltext77                       text77       000000
__Ltext78                       text78       000000
__Ltext79                       text79       000000
__Ltext8                        text8        000000
__Ltext80                       text80       000000
__Ltext81                       text81       000000
__Ltext82                       text82       000000
__Ltext83                       text83       000000
__Ltext84                       text84       000000
__Ltext85                       text85       000000
__Ltext86                       text86       000000
__Ltext87                       text87       000000
__Ltext88                       text88       000000
__Ltext89                       text89       000000
__Ltext9                        text9        000000
__Ltext90                       text90       000000
__Ltext92                       text92       000000
__Ltext93                       text93       000000
__Ltext94                       text94       000000
__Ltext95                       text95       000000
__Ltext96                       text96       000000
__Ltext97                       text97       000000
__Ltext98                       text98       000000
__S0                            (abs)        30000C
__S1                            (abs)        000B06
__S2                            (abs)        000000
___awmod                        text69       003578
___awmod@counter                cstackBANK0  000068
___awmod@dividend               cstackBANK0  000064
___awmod@divisor                cstackBANK0  000066
___awmod@sign                   cstackBANK0  000069
___inthi_sp                     stack        000000
___intlo_sp                     stack        000000
___lmul                         text68       0042B6
___lmul@multiplicand            cstackCOMRAM 000021
___lmul@multiplier              cstackCOMRAM 00001D
___lmul@product                 cstackBANK0  000060
___lwdiv                        text73       0043C8
___lwdiv@counter                cstackCOMRAM 000021
___lwdiv@dividend               cstackCOMRAM 00001D
___lwdiv@divisor                cstackCOMRAM 00001F
___lwdiv@quotient               cstackCOMRAM 000022
___param_bank                   (abs)        000000
___rparam_used                  (abs)        000001
___sp                           stack        000000
___wmul                         text79       004B50
___wmul@multiplicand            cstackCOMRAM 00001F
___wmul@multiplier              cstackCOMRAM 00001D
___wmul@product                 cstackCOMRAM 000021
__accesstop                     (abs)        000060
__activetblptr                  (abs)        000003
__end_of_BTBLINK                smallconst   000F03
__end_of_BTCNTMAX               smallconst   000F05
__end_of_I2C_Master_Read        text14       0049D2
__end_of_I2C_Master_Start       text13       004C36
__end_of_I2C_Master_Stop        text12       004C2E
__end_of_I2C_Master_Wait        text15       004C00
__end_of_I2C_Master_Write       text11       004C1C
__end_of___awmod                text69       00361A
__end_of___lmul                 text68       004316
__end_of___lwdiv                text73       00441A
__end_of___wmul                 text79       004B76
__end_of__initialization        cinit        003422
__end_of_audio_jack_process     text89       0044BC
__end_of_bt_msg_received        text96       004BEC
__end_of_clear_led              text74       003A16
__end_of_draw_circle            text70       001EA8
__end_of_get_random_color       text66       003A96
__end_of_get_time               text82       002330
__end_of_high_pri_isr           intcode_body 00337A
__end_of_i2c_read               text10       00272E
__end_of_i2c_read_single        text9        004B28
__end_of_i2c_write              text5        002BDA
__end_of_i2c_write_single       text4        004AA0
__end_of_init_comm              text8        004BBC
__end_of_init_io                text7        0036AE
__end_of_init_led               text2        0021C4
__end_of_init_pwm               text1        003B14
__end_of_low_pri_isr            intcodelo    0000FA
__end_of_main                   text0        0016FE
__end_of_process_adc            text97       003CF8
__end_of_process_bt_serial      text95       00490E
__end_of_process_usb_serial     text94       00446C
__end_of_prog_sw_process        text80       004A3E
__end_of_pwm_process            text92       002490
__end_of_rand                   text67       0043C8
__end_of_refresh_led            text75       002874
__end_of_screen_update          text17       004B50
__end_of_set_agt_min            text63       00487E
__end_of_set_agt_uur            text62       004834
__end_of_set_dag                text61       003B92
__end_of_set_der                text60       0047EA
__end_of_set_die_tyd_is         text59       0032C6
__end_of_set_drie_min           text58       0042B6
__end_of_set_drie_uur           text57       004254
__end_of_set_een_hour           text56       0047A0
__end_of_set_een_min            text55       004756
__end_of_set_elf_min            text54       00470C
__end_of_set_elf_uur            text53       0046C2
__end_of_set_en                 text52       004A70
__end_of_set_en_mj              text51       004370
__end_of_set_error_state        text81       0048C6
__end_of_set_gelukkige          text50       0025E6
__end_of_set_half               text49       0041F2
__end_of_set_jason              text48       003204
__end_of_set_kwart              text47       003C86
__end_of_set_load_led           text65       00313E
__end_of_set_minell             text46       002E9E
__end_of_set_minute             text45       0038F6
__end_of_set_minuut             text44       003864
__end_of_set_nege_min           text43       004190
__end_of_set_nege_uur           text42       00412E
__end_of_set_ntien_min          text41       003C0C
__end_of_set_oor                text40       004678
__end_of_set_page               text3        004952
__end_of_set_pixel              text71       003988
__end_of_set_pixel_pwm          text72       002CC8
__end_of_set_ses_min            text39       00462E
__end_of_set_ses_uur            text38       0045E4
__end_of_set_sewe_min           text37       0040CC
__end_of_set_sewe_uur           text36       00406A
__end_of_set_status_led         text6        002DB4
__end_of_set_tien_min           text35       004008
__end_of_set_tien_uur           text34       003FA6
__end_of_set_time_led           text19       001B38
__end_of_set_trou               text33       003578
__end_of_set_twaalf_min         text32       0037D2
__end_of_set_twaalf_uur         text31       003740
__end_of_set_twee_hour          text30       003F44
__end_of_set_twee_min           text29       003EE2
__end_of_set_twintig            text28       0034D6
__end_of_set_uur                text27       00459A
__end_of_set_veer               text26       003E80
__end_of_set_verjaars           text25       0029A6
__end_of_set_vier_min           text24       003E1E
__end_of_set_vier_uur           text23       003DBC
__end_of_set_voor               text22       003D5A
__end_of_set_vyf_min            text21       004550
__end_of_set_vyf_uur            text20       004506
__end_of_set_white_pixel        text64       004ACE
__end_of_stop_adc               text98       004C4E
__end_of_time_needs_to_be_set   text18       004BD4
__end_ofi1_I2C_Master_Read      text87       004A0A
__end_ofi1_I2C_Master_Start     text86       004C46
__end_ofi1_I2C_Master_Stop      text85       004C3E
__end_ofi1_I2C_Master_Wait      text88       004C12
__end_ofi1_I2C_Master_Write     text84       004C26
__end_ofi1_i2c_read             text83       002AD4
__end_ofi1_i2c_write            text78       003062
__end_ofi1_i2c_write_single     text77       004AFC
__end_ofi1_set_page             text76       004996
__end_ofi1_set_status_led       text90       002F82
__end_ofi2___wmul               text93       004B9C
__initialization                cinit        00337A
__mediumconst                   mediumconst  000000
__pbssBANK0                     bssBANK0     0000A9
__pbssBANK1                     bssBANK1     000137
__pbssBANK2                     bssBANK2     000200
__pbssBANK3                     bssBANK3     000300
__pbssBANK4                     bssBANK4     000400
__pbssBANK5                     bssBANK5     000500
__pbssBANK6                     bssBANK6     000600
__pbssBANK7                     bssBANK7     000700
__pbssBIGRAM                    bssBIGRAM    0008C6
__pbssCOMRAM                    bssCOMRAM    000027
__pcinit                        cinit        00337A
__pcstackBANK0                  cstackBANK0  000060
__pcstackBANK1                  cstackBANK1  000100
__pcstackBANK8                  cstackBANK8  000800
__pcstackCOMRAM                 cstackCOMRAM 000001
__pdataBANK0                    dataBANK0    0000D8
__pidataBANK0                   idataBANK0   004C46
__pintcode                      intcode      000008
__pintcode_body                 intcode_body 0032C6
__pintcodelo                    intcodelo    000018
__pnvBANK0                      nvBANK0      0000D4
__psmallconst                   smallconst   000F00
__ptext0                        text0        000F06
__ptext1                        text1        003A96
__ptext10                       text10       0025E6
__ptext11                       text11       004C12
__ptext12                       text12       004C26
__ptext13                       text13       004C2E
__ptext14                       text14       004996
__ptext15                       text15       004BEC
__ptext17                       text17       004B28
__ptext18                       text18       004BBC
__ptext19                       text19       0016FE
__ptext2                        text2        001EA8
__ptext20                       text20       0044BC
__ptext21                       text21       004506
__ptext22                       text22       003CF8
__ptext23                       text23       003D5A
__ptext24                       text24       003DBC
__ptext25                       text25       002874
__ptext26                       text26       003E1E
__ptext27                       text27       004550
__ptext28                       text28       00342C
__ptext29                       text29       003E80
__ptext3                        text3        00490E
__ptext30                       text30       003EE2
__ptext31                       text31       0036AE
__ptext32                       text32       003740
__ptext33                       text33       0034D6
__ptext34                       text34       003F44
__ptext35                       text35       003FA6
__ptext36                       text36       004008
__ptext37                       text37       00406A
__ptext38                       text38       00459A
__ptext39                       text39       0045E4
__ptext4                        text4        004A70
__ptext40                       text40       00462E
__ptext41                       text41       003B92
__ptext42                       text42       0040CC
__ptext43                       text43       00412E
__ptext44                       text44       0037D2
__ptext45                       text45       003864
__ptext46                       text46       002DB4
__ptext47                       text47       003C0C
__ptext48                       text48       00313E
__ptext49                       text49       004190
__ptext5                        text5        002AD4
__ptext50                       text50       002490
__ptext51                       text51       004316
__ptext52                       text52       004A3E
__ptext53                       text53       004678
__ptext54                       text54       0046C2
__ptext55                       text55       00470C
__ptext56                       text56       004756
__ptext57                       text57       0041F2
__ptext58                       text58       004254
__ptext59                       text59       003204
__ptext6                        text6        002CC8
__ptext60                       text60       0047A0
__ptext61                       text61       003B14
__ptext62                       text62       0047EA
__ptext63                       text63       004834
__ptext64                       text64       004AA0
__ptext65                       text65       003062
__ptext66                       text66       003A16
__ptext67                       text67       004370
__ptext68                       text68       0042B6
__ptext69                       text69       003578
__ptext7                        text7        00361A
__ptext70                       text70       001B38
__ptext71                       text71       0038F6
__ptext72                       text72       002BDA
__ptext73                       text73       0043C8
__ptext74                       text74       003988
__ptext75                       text75       00272E
__ptext76                       text76       004952
__ptext77                       text77       004ACE
__ptext78                       text78       002F82
__ptext79                       text79       004B50
__ptext8                        text8        004B9C
__ptext80                       text80       004A0A
__ptext81                       text81       00487E
__ptext82                       text82       0021C4
__ptext83                       text83       0029A6
__ptext84                       text84       004C1C
__ptext85                       text85       004C36
__ptext86                       text86       004C3E
__ptext87                       text87       0049D2
__ptext88                       text88       004C00
__ptext89                       text89       00446C
__ptext9                        text9        004AFC
__ptext90                       text90       002E9E
__ptext92                       text92       002330
__ptext93                       text93       004B76
__ptext94                       text94       00441A
__ptext95                       text95       0048C6
__ptext96                       text96       004BD4
__ptext97                       text97       003C86
__ptext98                       text98       004C4A
__ramtop                        ramtop       000F00
__size_of_I2C_Master_Read       (abs)        000000
__size_of_I2C_Master_Start      (abs)        000000
__size_of_I2C_Master_Stop       (abs)        000000
__size_of_I2C_Master_Wait       (abs)        000000
__size_of_I2C_Master_Write      (abs)        000000
__size_of___awmod               (abs)        000000
__size_of___lmul                (abs)        000000
__size_of___lwdiv               (abs)        000000
__size_of___wmul                (abs)        000000
__size_of_audio_jack_process    (abs)        000000
__size_of_bt_msg_received       (abs)        000000
__size_of_clear_led             (abs)        000000
__size_of_draw_circle           (abs)        000000
__size_of_get_random_color      (abs)        000000
__size_of_get_time              (abs)        000000
__size_of_high_pri_isr          (abs)        000000
__size_of_i2c_read              (abs)        000000
__size_of_i2c_read_single       (abs)        000000
__size_of_i2c_write             (abs)        000000
__size_of_i2c_write_single      (abs)        000000
__size_of_init_comm             (abs)        000000
__size_of_init_io               (abs)        000000
__size_of_init_led              (abs)        000000
__size_of_init_pwm              (abs)        000000
__size_of_low_pri_isr           (abs)        000000
__size_of_main                  (abs)        000000
__size_of_process_adc           (abs)        000000
__size_of_process_bt_serial     (abs)        000000
__size_of_process_usb_serial    (abs)        000000
__size_of_prog_sw_process       (abs)        000000
__size_of_pwm_process           (abs)        000000
__size_of_rand                  (abs)        000000
__size_of_refresh_led           (abs)        000000
__size_of_screen_update         (abs)        000000
__size_of_set_agt_min           (abs)        000000
__size_of_set_agt_uur           (abs)        000000
__size_of_set_dag               (abs)        000000
__size_of_set_der               (abs)        000000
__size_of_set_die_tyd_is        (abs)        000000
__size_of_set_drie_min          (abs)        000000
__size_of_set_drie_uur          (abs)        000000
__size_of_set_een_hour          (abs)        000000
__size_of_set_een_min           (abs)        000000
__size_of_set_elf_min           (abs)        000000
__size_of_set_elf_uur           (abs)        000000
__size_of_set_en                (abs)        000000
__size_of_set_en_mj             (abs)        000000
__size_of_set_error_state       (abs)        000000
__size_of_set_gelukkige         (abs)        000000
__size_of_set_half              (abs)        000000
__size_of_set_jason             (abs)        000000
__size_of_set_kwart             (abs)        000000
__size_of_set_load_led          (abs)        000000
__size_of_set_minell            (abs)        000000
__size_of_set_minute            (abs)        000000
__size_of_set_minuut            (abs)        000000
__size_of_set_nege_min          (abs)        000000
__size_of_set_nege_uur          (abs)        000000
__size_of_set_ntien_min         (abs)        000000
__size_of_set_oor               (abs)        000000
__size_of_set_page              (abs)        000000
__size_of_set_pixel             (abs)        000000
__size_of_set_pixel_pwm         (abs)        000000
__size_of_set_ses_min           (abs)        000000
__size_of_set_ses_uur           (abs)        000000
__size_of_set_sewe_min          (abs)        000000
__size_of_set_sewe_uur          (abs)        000000
__size_of_set_status_led        (abs)        000000
__size_of_set_tien_min          (abs)        000000
__size_of_set_tien_uur          (abs)        000000
__size_of_set_time_led          (abs)        000000
__size_of_set_trou              (abs)        000000
__size_of_set_twaalf_min        (abs)        000000
__size_of_set_twaalf_uur        (abs)        000000
__size_of_set_twee_hour         (abs)        000000
__size_of_set_twee_min          (abs)        000000
__size_of_set_twintig           (abs)        000000
__size_of_set_uur               (abs)        000000
__size_of_set_veer              (abs)        000000
__size_of_set_verjaars          (abs)        000000
__size_of_set_vier_min          (abs)        000000
__size_of_set_vier_uur          (abs)        000000
__size_of_set_voor              (abs)        000000
__size_of_set_vyf_min           (abs)        000000
__size_of_set_vyf_uur           (abs)        000000
__size_of_set_white_pixel       (abs)        000000
__size_of_stop_adc              (abs)        000000
__size_of_time_needs_to_be_set  (abs)        000000
__size_ofi1_I2C_Master_Read     (abs)        000000
__size_ofi1_I2C_Master_Start    (abs)        000000
__size_ofi1_I2C_Master_Stop     (abs)        000000
__size_ofi1_I2C_Master_Wait     (abs)        000000
__size_ofi1_I2C_Master_Write    (abs)        000000
__size_ofi1_i2c_read            (abs)        000000
__size_ofi1_i2c_write           (abs)        000000
__size_ofi1_i2c_write_single    (abs)        000000
__size_ofi1_set_page            (abs)        000000
__size_ofi1_set_status_led      (abs)        000000
__size_ofi2___wmul              (abs)        000000
__smallconst                    smallconst   000F00
_aud_jack_stat                  bssBANK0     0000AB
_audio_jack_process             text89       00446C
_b_cnt                          bssCOMRAM    000039
_bt_cnt                         bssCOMRAM    000035
_bt_connected                   bssBANK0     0000AD
_bt_msg_received                text96       004BD4
_bt_ser_str                     bssBANK4     000400
_bt_ser_str_cntr                bssCOMRAM    000031
_bt_ser_str_dat                 bssBANK6     000600
_bt_ser_str_read_start          bssBANK0     0000BB
_bt_str                         bssCOMRAM    00002B
_bt_str_ready                   bssBANK0     0000B7
_clear_led                      text74       003988
_counter                        bssBANK0     0000AF
_curr_b_cnt                     bssCOMRAM    000037
_curr_bt_cnt                    bssCOMRAM    000033
_curr_g_cnt                     bssCOMRAM    00003B
_curr_r_cnt                     bssCOMRAM    00003F
_curr_stat                      nvBANK0      0000D4
_curr_time                      bssBANK0     0000C5
_dat                            bssBANK2     0002C8
_data                           bssBANK2     000200
_data_usb                       bssBANK1     000137
_draw_circle                    text70       001B38
_fft_ready                      bssBANK0     0000B1
_g_cnt                          bssCOMRAM    00003D
_get_random_color               text66       003A16
_get_time                       text82       0021C4
_high_pri_isr                   intcode      000008
_i                              bssBANK0     0000B3
_i2c_bus_busy                   bssBANK0     0000BD
_i2c_read                       text10       0025E6
_i2c_read_single                text9        004AFC
_i2c_write                      text5        002AD4
_i2c_write_single               text4        004A70
_imaginaryNumbers               bssBANK3     000380
_init_comm                      text8        004B9C
_init_io                        text7        00361A
_init_led                       text2        001EA8
_init_pwm                       text1        003A96
_led_cont                       bssBIGRAM    0008C6
_low_pri_isr                    intcodelo    000018
_main                           text0        000F06
_process_adc                    text97       003C86
_process_bt_serial              text95       0048C6
_process_usb_serial             text94       00441A
_prog_sw_process                text80       004A0A
_pwm_process                    text92       002330
_pwm_process$892                cstackCOMRAM 000009
_pwm_process$893                cstackCOMRAM 00000A
_r_cnt                          bssCOMRAM    000041
_rand                           text67       004370
_randx                          dataBANK0    0000D8
_realNumbers                    bssBANK3     000300
_refresh_led                    text75       00272E
_screen_update                  text17       004B28
_set_agt_min                    text63       004834
_set_agt_uur                    text62       0047EA
_set_dag                        text61       003B14
_set_der                        text60       0047A0
_set_die_tyd_is                 text59       003204
_set_drie_min                   text58       004254
_set_drie_uur                   text57       0041F2
_set_een_hour                   text56       004756
_set_een_min                    text55       00470C
_set_elf_min                    text54       0046C2
_set_elf_uur                    text53       004678
_set_en                         text52       004A3E
_set_en_mj                      text51       004316
_set_error_state                text81       00487E
_set_gelukkige                  text50       002490
_set_half                       text49       004190
_set_jason                      text48       00313E
_set_kwart                      text47       003C0C
_set_load_led                   text65       003062
_set_minell                     text46       002DB4
_set_minute                     text45       003864
_set_minuut                     text44       0037D2
_set_nege_min                   text43       00412E
_set_nege_uur                   text42       0040CC
_set_ntien_min                  text41       003B92
_set_oor                        text40       00462E
_set_page                       text3        00490E
_set_pixel                      text71       0038F6
_set_pixel_pwm                  text72       002BDA
_set_ses_min                    text39       0045E4
_set_ses_uur                    text38       00459A
_set_sewe_min                   text37       00406A
_set_sewe_uur                   text36       004008
_set_status_led                 text6        002CC8
_set_tien_min                   text35       003FA6
_set_tien_uur                   text34       003F44
_set_time_led                   text19       0016FE
_set_trou                       text33       0034D6
_set_twaalf_min                 text32       003740
_set_twaalf_uur                 text31       0036AE
_set_twee_hour                  text30       003EE2
_set_twee_min                   text29       003E80
_set_twintig                    text28       00342C
_set_uur                        text27       004550
_set_veer                       text26       003E1E
_set_verjaars                   text25       002874
_set_vier_min                   text24       003DBC
_set_vier_uur                   text23       003D5A
_set_voor                       text22       003CF8
_set_vyf_min                    text21       004506
_set_vyf_uur                    text20       0044BC
_set_white_pixel                text64       004AA0
_stop_adc                       text98       004C4A
_tim_dat                        bssCOMRAM    00002D
_time                           bssBANK0     0000C1
_time_needs_to_be_set           text18       004BBC
_time_quality                   bssCOMRAM    000027
_toggle                         bssBANK0     0000BF
_usb_ser_str                    bssBANK5     000500
_usb_ser_str_cntr               bssCOMRAM    00002F
_usb_ser_str_dat                bssBANK7     000700
_usb_ser_str_read_start         bssBANK0     0000B9
_usb_str                        bssBANK0     0000A9
_usb_str_ready                  bssBANK0     0000B5
btemp                           temp         000043
clear_led@i                     cstackBANK0  000075
clear_led@j                     cstackBANK0  000077
draw_circle@clr                 cstackBANK0  000077
draw_circle@dx                  cstackBANK0  00007F
draw_circle@dy                  cstackBANK0  00007D
draw_circle@err                 cstackBANK0  000081
draw_circle@radius              cstackBANK0  000075
draw_circle@x                   cstackBANK0  000083
draw_circle@x0                  cstackBANK0  000071
draw_circle@y                   cstackBANK0  000085
draw_circle@y0                  cstackBANK0  000073
end_of_initialization           cinit        003422
get_random_color@clr            cstackBANK0  00006A
get_time@data                   cstackBANK0  00006C
i1I2C_Master_Read@final_read    cstackCOMRAM 00001E
i1I2C_Master_Read@temp          cstackCOMRAM 000020
[...]
		i1_I2C_Master_Read
		i1_I2C_Master_Stop
 This function uses a non-reentrant model


 *************** function _audio_jack_process *****************
 Defined at:
		line 15 in file "audio.c"
 Parameters:    Size  Location     Type
		None
 Auto vars:     Size  Location     Type
		None
 Return value:  Size  Location     Type
                  1    wreg      void 
 Registers used:
		wreg, status,2, status,0, cstack
 Tracked objects:
		On entry : 
		On exit  : 
		Unchanged: 
 Data sizes:     COMRAM   BANK0   BANK1   BANK2   BANK3   BANK4   BANK5   BANK6   BANK7   BANK8   BANK9  BANK10  BANK11  BANK12  BANK13  BANK14
      Params:         0       0       0       0       0       0       0       0       0       0       0       0       0       0       0       0
      Locals:         0       0       0       0       0       0       0       0       0       0       0       0       0       0       0       0
      Temps:          1       0       0       0       0       0       0       0       0       0       0       0       0       0       0       0
      Totals:         1       0       0       0       0       0       0       0       0       0       0       0       0       0       0       0
Total ram usage:        1 bytes
 Hardware stack levels used:    1
 Hardware stack levels required when called:    4
 This function calls:
		i1_set_status_led
 This function is called by:
		_low_pri_isr
 This function uses a non-reentrant model


 *************** function i1_set_status_led *****************
 Defined at:
		line 75 in file "pwm.c"
 Parameters:    Size  Location     Type
  status          2   28[COMRAM] int 
  error_overri    2   30[COMRAM] int 
 Auto vars:     Size  Location     Type
		None
 Return value:  Size  Location     Type
                  1    wreg      void 
 Registers used:
		wreg, status,2, status,0
 Tracked objects:
		On entry : 
		On exit  : 
		Unchanged: 
 Data sizes:     COMRAM   BANK0   BANK1   BANK2   BANK3   BANK4   BANK5   BANK6   BANK7   BANK8   BANK9  BANK10  BANK11  BANK12  BANK13  BANK14
      Params:         4       0       0       0       0       0       0       0       0       0       0       0       0       0       0       0
      Locals:         0       0       0       0       0       0       0       0       0       0       0       0       0       0       0       0
      Temps:          2       0       0       0       0       0       0       0       0       0       0       0       0       0       0       0
      Totals:         6       0       0       0       0       0       0       0       0       0       0       0       0       0       0       0
Total ram usage:        6 bytes
 Hardware stack levels used:    1
 Hardware stack levels required when called:    3
 This function calls:
		Nothing
 This function is called by:
		_set_error_state
		_audio_jack_process
		i1_i2c_write
 This function uses a non-reentrant model


 *************** function _high_pri_isr *****************
 Defined at:
		line 133 in file "main.c"
 Parameters:    Size  Location     Type
		None
 Auto vars:     Size  Location     Type
		None
 Return value:  Size  Location     Type
                  1    wreg      void 
 Registers used:
		wreg, fsr2l, fsr2h, status,2, status,0, tblptrl, tblptrh, tblptru, prodl, prodh, cstack
 Tracked objects:
		On entry : 
		On exit  : 
		Unchanged: 
 Data sizes:     COMRAM   BANK0   BANK1   BANK2   BANK3   BANK4   BANK5   BANK6   BANK7   BANK8   BANK9  BANK10  BANK11  BANK12  BANK13  BANK14
      Params:         0       0       0       0       0       0       0       0       0       0       0       0       0       0       0       0
      Locals:         0       0       0       0       0       0       0       0       0       0       0       0       0       0       0       0
      Temps:         18       0       0       0       0       0       0       0       0       0       0       0       0       0       0       0
      Totals:        18       0       0       0       0       0       0       0       0       0       0       0       0       0       0       0
Total ram usage:       18 bytes
 Hardware stack levels used:    1
 Hardware stack levels required when called:    2
 This function calls:
		_process_adc
		_process_bt_serial
		_process_usb_serial
		_pwm_process
 This function is called by:
		Interrupt level 2
 This function uses a non-reentrant model


 *************** function _pwm_process *****************
 Defined at:
		line 48 in file "pwm.c"
 Parameters:    Size  Location     Type
		None
 Auto vars:     Size  Location     Type
		None
 Return value:  Size  Location     Type
                  1    wreg      void 
 Registers used:
		wreg, status,2, status,0, tblptrl, tblptrh, tblptru, prodl, prodh, cstack
 Tracked objects:
		On entry : 
		On exit  : 
		Unchanged: 
 Data sizes:     COMRAM   BANK0   BANK1   BANK2   BANK3   BANK4   BANK5   BANK6   BANK7   BANK8   BANK9  BANK10  BANK11  BANK12  BANK13  BANK14
      Params:         0       0       0       0       0       0       0       0       0       0       0       0       0       0       0       0
      Locals:         2       0       0       0       0       0       0       0       0       0       0       0       0       0       0       0
      Temps:          2       0       0       0       0       0       0       0       0       0       0       0       0       0       0       0
      Totals:         4       0       0       0       0       0       0       0       0       0       0       0       0       0       0       0
Total ram usage:        4 bytes
 Hardware stack levels used:    1
 Hardware stack levels required when called:    1
 This function calls:
		i2___wmul
 This function is called by:
		_high_pri_isr
 This function uses a non-reentrant model


 *************** function i2___wmul *****************
 Defined at:
		line 15 in file "/Applications/microchip/xc8/v1.43/sources/common/Umul16.c"
 Parameters:    Size  Location     Type
  multiplier      2    0[COMRAM] unsigned int 
  multiplicand    2    2[COMRAM] unsigned int 
 Auto vars:     Size  Location     Type
  __wmul          2    4[COMRAM] unsigned int 
 Return value:  Size  Location     Type
                  2    0[COMRAM] unsigned int 
 Registers used:
		wreg, status,2, status,0, prodl, prodh
 Tracked objects:
		On entry : 
		On exit  : 
		Unchanged: 
 Data sizes:     COMRAM   BANK0   BANK1   BANK2   BANK3   BANK4   BANK5   BANK6   BANK7   BANK8   BANK9  BANK10  BANK11  BANK12  BANK13  BANK14
      Params:         4       0       0       0       0       0       0       0       0       0       0       0       0       0       0       0
      Locals:         2       0       0       0       0       0       0       0       0       0       0       0       0       0       0       0
      Temps:          0       0       0       0       0       0       0       0       0       0       0       0       0       0       0       0
      Totals:         6       0       0       0       0       0       0       0       0       0       0       0       0       0       0       0
Total ram usage:        6 bytes
 Hardware stack levels used:    1
 This function calls:
		Nothing
 This function is called by:
		_pwm_process
 This function uses a non-reentrant model


 *************** function _process_usb_serial *****************
 Defined at:
		line 349 in file "communication.c"
 Parameters:    Size  Location     Type
		None
 Auto vars:     Size  Location     Type
  data            1    0[COMRAM] unsigned char 
 Return value:  Size  Location     Type
                  1    wreg      void 
 Registers used:
		wreg, fsr2l, fsr2h, status,2, status,0
 Tracked objects:
		On entry : 
		On exit  : 
		Unchanged: 
 Data sizes:     COMRAM   BANK0   BANK1   BANK2   BANK3   BANK4   BANK5   BANK6   BANK7   BANK8   BANK9  BANK10  BANK11  BANK12  BANK13  BANK14
      Params:         0       0       0       0       0       0       0       0       0       0       0       0       0       0       0       0
      Locals:         1       0       0       0       0       0       0       0       0       0       0       0       0       0       0       0
      Temps:          0       0       0       0       0       0       0       0       0       0       0       0       0       0       0       0
      Totals:         1       0       0       0       0       0       0       0       0       0       0       0       0       0       0       0
Total ram usage:        1 bytes
 Hardware stack levels used:    1
 This function calls:
		Nothing
 This function is called by:
		_high_pri_isr
 This function uses a non-reentrant model


 *************** function _process_bt_serial *****************
 Defined at:
		line 264 in file "communication.c"
 Parameters:    Size  Location     Type
		None
 Auto vars:     Size  Location     Type
  data            1    2[COMRAM] unsigned char 
 Return value:  Size  Location     Type
                  1    wreg      void 
 Registers used:
		wreg, fsr2l, fsr2h, status,2, status,0, cstack
 Tracked objects:
		On entry : 
		On exit  : 
		Unchanged: 
 Data sizes:     COMRAM   BANK0   BANK1   BANK2   BANK3   BANK4   BANK5   BANK6   BANK7   BANK8   BANK9  BANK10  BANK11  BANK12  BANK13  BANK14
      Params:         0       0       0       0       0       0       0       0       0       0       0       0       0       0       0       0
      Locals:         1       0       0       0       0       0       0       0       0       0       0       0       0       0       0       0
      Temps:          0       0       0       0       0       0       0       0       0       0       0       0       0       0       0       0
      Totals:         1       0       0       0       0       0       0       0       0       0       0       0       0       0       0       0
Total ram usage:        1 bytes
 Hardware stack levels used:    1
 Hardware stack levels required when called:    1
 This function calls:
		_bt_msg_received
 This function is called by:
		_high_pri_isr
 This function uses a non-reentrant model


 *************** function _bt_msg_received *****************
 Defined at:
		line 290 in file "communication.c"
 Parameters:    Size  Location     Type
		None
 Auto vars:     Size  Location     Type
		None
 Return value:  Size  Location     Type
                  2    0[COMRAM] int 
 Registers used:
		wreg, status,2, status,0
 Tracked objects:
		On entry : 
		On exit  : 
		Unchanged: 
 Data sizes:     COMRAM   BANK0   BANK1   BANK2   BANK3   BANK4   BANK5   BANK6   BANK7   BANK8   BANK9  BANK10  BANK11  BANK12  BANK13  BANK14
      Params:         2       0       0       0       0       0       0       0       0       0       0       0       0       0       0       0
      Locals:         0       0       0       0       0       0       0       0       0       0       0       0       0       0       0       0
      Temps:          0       0       0       0       0       0       0       0       0       0       0       0       0       0       0       0
      Totals:         2       0       0       0       0       0       0       0       0       0       0       0       0       0       0       0
Total ram usage:        2 bytes
 Hardware stack levels used:    1
 This function calls:
		Nothing
 This function is called by:
		_process_bt_serial
		_transfer_bt
		_get_bt_serial_str
 This function uses a non-reentrant model


 *************** function _process_adc *****************
 Defined at:
		line 66 in file "adc.c"
 Parameters:    Size  Location     Type
		None
 Auto vars:     Size  Location     Type
		None
 Return value:  Size  Location     Type
                  1    wreg      void 
 Registers used:
		wreg, fsr2l, fsr2h, status,2, status,0, cstack
 Tracked objects:
		On entry : 
		On exit  : 
		Unchanged: 
 Data sizes:     COMRAM   BANK0   BANK1   BANK2   BANK3   BANK4   BANK5   BANK6   BANK7   BANK8   BANK9  BANK10  BANK11  BANK12  BANK13  BANK14
      Params:         0       0       0       0       0       0       0       0       0       0       0       0       0       0       0       0
      Locals:         0       0       0       0       0       0       0       0       0       0       0       0       0       0       0       0
      Temps:          4       0       0       0       0       0       0       0       0       0       0       0       0       0       0       0
      Totals:         4       0       0       0       0       0       0       0       0       0       0       0       0       0       0       0
Total ram usage:        4 bytes
 Hardware stack levels used:    1
 Hardware stack levels required when called:    1
 This function calls:
		_stop_adc
 This function is called by:
		_high_pri_isr
 This function uses a non-reentrant model


 *************** function _stop_adc *****************
 Defined at:
		line 61 in file "adc.c"
 Parameters:    Size  Location     Type
		None
 Auto vars:     Size  Location     Type
		None
 Return value:  Size  Location     Type
                  1    wreg      void 
 Registers used:
		None
 Tracked objects:
		On entry : 
		On exit  : 
		Unchanged: 
 Data sizes:     COMRAM   BANK0   BANK1   BANK2   BANK3   BANK4   BANK5   BANK6   BANK7   BANK8   BANK9  BANK10  BANK11  BANK12  BANK13  BANK14
      Params:         0       0       0       0       0       0       0       0       0       0       0       0       0       0       0       0
      Locals:         0       0       0       0       0       0       0       0       0       0       0       0       0       0       0       0
      Temps:          0       0       0       0       0       0       0       0       0       0       0       0       0       0       0       0
      Totals:         0       0       0       0       0       0       0       0       0       0       0       0       0       0       0       0
Total ram usage:        0 bytes
 Hardware stack levels used:    1
 This function calls:
		Nothing
 This function is called by:
		_process_adc
 This function uses a non-reentrant model



MODULE INFORMATION

Module		Function		Class		Link	Load	Size
clock.c
		_time_needs_to_be_set		CODE           	4BBC	0000	25
		_get_time      		CODE           	21C4	0000	365

clock.c estimated size: 390

/Applications/microchip/xc8/v1.43/sources/common/Umul32.c
		___lmul        		CODE           	42B6	0000	97

/Applications/microchip/xc8/v1.43/sources/common/Umul32.c estimated size: 97

io.c
		_prog_sw_process		CODE           	4A0A	0000	53
		_init_io       		CODE           	361A	0000	149

io.c estimated size: 202

pwm.c
		_set_error_state		CODE           	487E	0000	73
		_set_status_led		CODE           	2CC8	0000	237
		_pwm_process   		CODE           	2330	0000	353
		_init_pwm      		CODE           	3A96	0000	127

pwm.c estimated size: 790

adc.c
		_process_adc   		CODE           	3C86	0000	115
		_stop_adc      		CODE           	4C4A	0000	5

adc.c estimated size: 120

/Applications/microchip/xc8/v1.43/sources/common/rand.c
		_rand          		CODE           	4370	0000	89

/Applications/microchip/xc8/v1.43/sources/common/rand.c estimated size: 89

shared
		i1_set_page    		CODE           	4952	0000	69
		i1_I2C_Master_Start		CODE           	4C3E	0000	9
		i1_i2c_write   		CODE           	2F82	0000	225
		i1_set_status_led		CODE           	2E9E	0000	229
		i2___wmul      		CODE           	4B76	0000	39
		i1_I2C_Master_Read		CODE           	49D2	0000	57
		__initialization		CODE           	337A	0000	169
		i1_i2c_write_single		CODE           	4ACE	0000	47
		i1_I2C_Master_Wait		CODE           	4C00	0000	19
		i1_i2c_read    		CODE           	29A6	0000	303
		i1_I2C_Master_Stop		CODE           	4C36	0000	9
		_BTCNTMAX      		SMALLCONST     	0F03	0000	3
		i1_I2C_Master_Write		CODE           	4C1C	0000	11
		_BTBLINK       		SMALLCONST     	0F01	0000	3

shared estimated size: 1192

/Applications/microchip/xc8/v1.43/sources/common/awmod.c
		___awmod       		CODE           	3578	0000	163

/Applications/microchip/xc8/v1.43/sources/common/awmod.c estimated size: 163

/Applications/microchip/xc8/v1.43/sources/common/Umul16.c
		___wmul        		CODE           	4B50	0000	39

/Applications/microchip/xc8/v1.43/sources/common/Umul16.c estimated size: 39

main.c
		_high_pri_isr  		CODE           	0008	0000	187
		_main          		CODE           	0F06	0000	2041
		_low_pri_isr   		CODE           	0018	0000	227

main.c estimated size: 2455

communication.c
		_bt_msg_received		CODE           	4BD4	0000	25
		_I2C_Master_Read		CODE           	4996	0000	61
		_I2C_Master_Wait		CODE           	4BEC	0000	21
		_I2C_Master_Stop		CODE           	4C26	0000	9
		_process_bt_serial		CODE           	48C6	0000	73
		_i2c_read_single		CODE           	4AFC	0000	45
		_process_usb_serial		CODE           	441A	0000	83
		_i2c_write     		CODE           	2AD4	0000	263
		_i2c_write_single		CODE           	4A70	0000	49
		_i2c_read      		CODE           	25E6	0000	329
		_init_comm     		CODE           	4B9C	0000	33
		_I2C_Master_Write		CODE           	4C12	0000	11
		_I2C_Master_Start		CODE           	4C2E	0000	9

communication.c estimated size: 1011

/Applications/microchip/xc8/v1.43/sources/common/lwdiv.c
		___lwdiv       		CODE           	43C8	0000	83

/Applications/microchip/xc8/v1.43/sources/common/lwdiv.c estimated size: 83

led.c
		_set_der       		CODE           	47A0	0000	75
		_init_led      		CODE           	1EA8	0000	797
		_set_dag       		CODE           	3B14	0000	127
		_set_twee_min  		CODE           	3E80	0000	99
		_set_sewe_min  		CODE           	406A	0000	99
		_set_sewe_uur  		CODE           	4008	0000	99
		_set_page      		CODE           	490E	0000	69
		_set_twee_hour 		CODE           	3EE2	0000	99
		_set_veer      		CODE           	3E1E	0000	99
		_refresh_led   		CODE           	272E	0000	327
		_set_trou      		CODE           	34D6	0000	163
		_set_verjaars  		CODE           	2874	0000	307
		_set_load_led  		CODE           	3062	0000	221
		_set_half      		CODE           	4190	0000	99
		_set_minell    		CODE           	2DB4	0000	235
		_set_minute    		CODE           	3864	0000	147
		_set_minuut    		CODE           	37D2	0000	147
		_set_en_mj     		CODE           	4316	0000	91
		_set_nege_min  		CODE           	412E	0000	99
		_set_nege_uur  		CODE           	40CC	0000	99
		_set_tien_min  		CODE           	3FA6	0000	99
		_set_tien_uur  		CODE           	3F44	0000	99
		_set_ses_min   		CODE           	45E4	0000	75
		_set_ses_uur   		CODE           	459A	0000	75
		_set_oor       		CODE           	462E	0000	75
		_get_random_color		CODE           	3A16	0000	129
		_set_drie_min  		CODE           	4254	0000	99
		_set_jason     		CODE           	313E	0000	199
		_set_drie_uur  		CODE           	41F2	0000	99
		_set_elf_min   		CODE           	46C2	0000	75
		_set_elf_uur   		CODE           	4678	0000	75
		_set_uur       		CODE           	4550	0000	75
		_set_een_min   		CODE           	470C	0000	75
		_set_voor      		CODE           	3CF8	0000	99
		_set_een_hour  		CODE           	4756	0000	75
		_set_gelukkige 		CODE           	2490	0000	343
		_set_twaalf_min		CODE           	3740	0000	147
		_set_twaalf_uur		CODE           	36AE	0000	147
		_set_pixel     		CODE           	38F6	0000	147
		_set_agt_min   		CODE           	4834	0000	75
		_set_agt_uur   		CODE           	47EA	0000	75
		_set_vier_min  		CODE           	3DBC	0000	99
		_set_vier_uur  		CODE           	3D5A	0000	99
		_draw_circle   		CODE           	1B38	0000	881
		_set_white_pixel		CODE           	4AA0	0000	47
		_set_kwart     		CODE           	3C0C	0000	123
		_set_pixel_pwm 		CODE           	2BDA	0000	239
		_screen_update 		CODE           	4B28	0000	41
		_set_die_tyd_is		CODE           	3204	0000	195
		_clear_led     		CODE           	3988	0000	143
		_set_time_led  		CODE           	16FE	0000	1083
		_set_vyf_min   		CODE           	4506	0000	75
		_set_vyf_uur   		CODE           	44BC	0000	75
		_set_twintig   		CODE           	342C	0000	171
		_set_ntien_min 		CODE           	3B92	0000	123
		_set_en        		CODE           	4A3E	0000	51

led.c estimated size: 9300

audio.c
		_audio_jack_process		CODE           	446C	0000	81

audio.c estimated size: 81

